<?xml version='1.0' encoding="UTF-8" standalone="no" ?>
<!DOCTYPE ServiceExceptionReport SYSTEM "http://schemas.opengis.net/wms/1.1.0/exception_1_1_0.dtd">
<ServiceExceptionReport version="1.1.0">
<ServiceException code="MissingParameterValue">
msWMSLoadGetMapParams(): WMS server error. Missing required parameter HEIGHT
</ServiceException>
</ServiceExceptionReport>
